// Jest Snapshot v1, https://goo.gl/fbAQLP

exports[`Pruebas en <FirstApp /> debe de hacer match con el snapshot 1`] = `
<div>
  <div
    data-testid="test-title"
  >
    hola soy paola andrea
  </div>
  <p>
     
    paola
     
  </p>
  <h2>
    hay hola soy el subtitulo
  </h2>
  <p>
    example2funcion de ejemplo2
  </p>
  <h1>
    example
  </h1>
  <p>
    diojito
  </p>
</div>
`;
